/__w/CMSIS-Executorch/CMSIS-Executorch/scripts/generate_ai_layer_report.py:283: DeprecationWarning: datetime.datetime.utcnow() is deprecated and scheduled for removal in a future version. Use timezone-aware objects to represent datetimes in UTC: datetime.datetime.now(datetime.UTC).
  timestamp = datetime.utcnow().isoformat(timespec='seconds') + 'Z'
Generating comprehensive AI layer build report...
✅ Comprehensive report written to /__w/CMSIS-Executorch/CMSIS-Executorch/ai_layer/REPORT.md
📊 Found 9 libraries and 1 model assets
2025-12-17 13:53:12 [SUCCESS] Completed: Generate report
2025-12-17 13:53:12 [INFO] Build summary:
# ExecuTorch AI Layer Build Report

**Generated:** 2025-12-17T13:53:12Z
**Git Commit:** 53ada06eeed1 on Corstone320
**Repository Status:** 🔄 Modified
**Last Commit:** 2025-12-17 13:29:16 +0000

## 📊 Build Summary

- **Libraries:** 9 static libraries
- **Models:** 1 model assets
- **Operators:** 9 selected operators
- **Build Type:** Release

## 📚 Library Assets

**Total Size:** 9.9 MiB

| Library | Size | Percentage | Modified | Hash |
|---------|------|------------|----------|------|
| libcortex_m_kernels.a | 20.0 KiB | 0.2% | 2025-12-17 13:53:09 | `61e5326e428a355b` |
| libcortex_m_ops_lib.a | 12.7 KiB | 0.1% | 2025-12-17 13:53:09 | `acfe5fbd451f3592` |
| libexecutorch.a | 51.9 KiB | 0.5% | 2025-12-17 13:53:09 | `981fdff8ed1d0641` |
| libexecutorch_core.a | 216.5 KiB | 2.1% | 2025-12-17 13:53:09 | `08974fac73c02147` |
| libexecutorch_delegate_ethos_u.a | 18.6 KiB | 0.2% | 2025-12-17 13:53:09 | `0a1f70ca7cde102e` |
| libportable_kernels.a | 9.1 MiB | 92.3% | 2025-12-17 13:53:09 | `3097ca42fe9017c7` |
| libportable_ops_lib.a | 199.2 KiB | 2.0% | 2025-12-17 13:53:09 | `99dd119b1c0032f8` |
| libquantized_kernels.a | 238.6 KiB | 2.4% | 2025-12-17 13:53:09 | `fd05a1f083e9bb8b` |
| libquantized_ops_lib.a | 28.7 KiB | 0.3% | 2025-12-17 13:53:09 | `31ba33cfeaee52dc` |

## 🤖 Model Assets

| Asset | Type | Size | Modified | Hash |
|-------|------|------|----------|------|
| ethos_u_minimal_example.pte | Model | 3.3 KiB | 2025-12-17 13:53:12 | `3791076e033b1bfd` |

## ⚙️ Build Configuration

### CMake Configuration
- **Build Type:** `Release`
- **Toolchain File:** `/__w/CMSIS-Executorch/CMSIS-Executorch/model/arm-none-eabi-gcc.cmake`
- **ARM Baremetal:** `ON`
- **Cortex-M Support:** `ON`
- **Portable Ops:** `ON`
- **Quantized Kernels:** `ON`

### Selected Operators

**Count:** 9 operators

2025-12-17 13:53:12 [SUCCESS] Build completed successfully!
📋 Build logs saved to: ai_layer/logs/
